// Jest Snapshot v1, https://goo.gl/fbAQLP

exports[`renders the UI as expected 1`] = `
<div>
  <header
    className="App-header"
  >
    <h1>
      Google Book Search
    </h1>
  </header>
  <div
    className="searchInfo"
  >
    <form
      className="searchBar"
    >
      <label
        htmlFor="searchTerm"
      >
        Search:
      </label>
      <input
        id="searchTerm"
        onChange={[Function]}
        type="text"
      />
      <button
        className="submit-button"
        onClick={[Function]}
        type="submit"
      >
        Search
      </button>
    </form>
    <div
      className="searchFilters"
    >
      <div
        className="printType"
      >
        <label
          htmlFor="bookOptions"
        >
          Print Type
        </label>
        <select
          onChange={[Function]}
        >
          <option
            value="all"
          >
            All
          </option>
          <option
            value="books"
          >
            Books
          </option>
          <option
            value="magazines"
          >
            Magazines
          </option>
        </select>
      </div>
      <div
        className="bookType"
      >
        <label
          htmlFor="bookOptions"
        >
          Book Type:
        </label>
        <select
          id="bookOptions"
          name="bookOptions"
          onChange={[Function]}
        >
          <option
            value="no-filter"
          >
            No Filter
          </option>
          <option
            value="ebooks"
          >
            Ebooks
          </option>
          <option
            value="full"
          >
            Full content available
          </option>
          <option
            value="free-ebooks"
          >
            Free-ebooks
          </option>
          <option
            value="paid-ebooks"
          >
            Paid-ebooks
          </option>
        </select>
      </div>
    </div>
  </div>
  <ul
    className="listOfBooks"
  >
    <li>
      <header>
        <h2>
          The Flower Book
        </h2>
        <h3>
          
        </h3>
      </header>
      <div
        className="bookContent"
      >
        <img
          alt="The Flower Book"
          className="thumbnail"
          src="http://books.google.com/books/content?id=1hfMDQAAQBAJ&printsec=frontcover&img=1&zoom=5&edge=curl&source=gbs_api"
        />
        <div
          className="bookInfo"
        >
          <p
            className="author-Price"
          >
            Author: 
            Rachel Siegfried
            <br />
            Price:  
            25.99
          </p>
          <p>
            The Flower Book explores 60 flowers, bloom-by-bloom in stunning portraiture
          </p>
        </div>
      </div>
    </li>
    <li>
      <header>
        <h2>
          The Language of Flowers
        </h2>
        <h3>
          A Novel
        </h3>
      </header>
      <div
        className="bookContent"
      >
        <img
          alt="The Language of Flowers"
          className="thumbnail"
          src="http://books.google.com/books/content?id=dD9_uTXl7roC&printsec=frontcover&img=1&zoom=5&edge=curl&source=gbs_api"
        />
        <div
          className="bookInfo"
        >
          <p
            className="author-Price"
          >
            Author: 
            Vanessa Diffenbaugh, Steven Wagner
            <br />
            Price:  
            12.99
          </p>
          <p>
            NEW YORK TIMES BESTSELLER The Victorian language of flowers was used to convey romantic expressions: honeysuckle for devotion, asters for patience, and red roses for love
          </p>
        </div>
      </div>
    </li>
  </ul>
</div>
`;
